
> file-transfer-app@0.1.0 build
> next build

Γû▓ Next.js 16.2.1 (Turbopack)
- Environments: .env

  Creating an optimized production build ...
Γ£ô Compiled successfully in 50s
  Running TypeScript ...
  Finished TypeScript in 23.6s ...
  Collecting page data using 3 workers ...
  Generating static pages using 3 workers (0/8) ...
  Generating static pages using 3 workers (2/8) 
  Generating static pages using 3 workers (4/8) 
  Generating static pages using 3 workers (6/8) 
Γ£ô Generating static pages using 3 workers (8/8) in 954ms
  Finalizing page optimization ...

Route (app)
Γöî Γùï /
Γö£ Γùï /_not-found
Γö£ ╞Æ /api/cron/cleanup
Γö£ ╞Æ /api/transfer
Γö£ ╞Æ /api/transfer/[shortCode]
Γö£ ╞Æ /api/upload
Γö£ ╞Æ /api/upload/presigned
Γö£ ╞Æ /api/upload/proxy
Γöö ╞Æ /d/[shortCode]


Γùï  (Static)   prerendered as static content
╞Æ  (Dynamic)  server-rendered on demand

